★ [1meas-cli@21.7.1[22m [1mis now available.[22m
[2mTo upgrade, run:[22m
[2m[1mnpm install -g eas-cli[22m[2m[22m
[2mProceeding with outdated version.[22m

(node:85335) [DEP0040] DeprecationWarning: The `punycode` module is deprecated. Please use a userland alternative instead.
(Use `node --trace-deprecation ...` to show where the warning was created)
Environment variables with visibility "Plain text" and "Sensitive" loaded from the "preview" environment on EAS: EXPO_PUBLIC_RAZORPAY_KEY_ID, EXPO_PUBLIC_SENTRY_DSN, EXPO_PUBLIC_SUPABASE_ANON_KEY, EXPO_PUBLIC_SUPABASE_URL.

[1mapp.json[22m

{
  "name": "Atlitos",
  "slug": "atlitos-mobile",
  "version": "1.0.0",
  "orientation": "portrait",
  "icon": "./assets/images/icon.png",
  "scheme": "atlitos",
  "userInterfaceStyle": "automatic",
  "ios": {
    "icon": "./assets/expo.icon",
    "supportsTablet": true,
    "bundleIdentifier": "com.atlitos.app",
    "infoPlist": {
      "ITSAppUsesNonExemptEncryption": false
    }
  },
  "android": {
    "package": "com.atlitos.app",
    "adaptiveIcon": {
      "backgroundColor": "#FBF7F1",
      "foregroundImage": "./assets/images/android-icon-foreground.png",
      "backgroundImage": "./assets/images/android-icon-background.png",
      "monochromeImage": "./assets/images/android-icon-monochrome.png"
    },
    "predictiveBackGestureEnabled": false,
    "permissions": [
      "android.permission.ACCESS_COARSE_LOCATION",
      "android.permission.ACCESS_FINE_LOCATION",
      "android.permission.RECORD_AUDIO"
    ]
  },
  "web": {
    "output": "single",
    "favicon": "./assets/images/favicon.png"
  },
  "plugins": [
    "expo-router",
    [
      "expo-splash-screen",
      {
        "backgroundColor": "#FBF7F1",
        "image": "./assets/images/splash-icon.png",
        "imageWidth": 120
      }
    ],
    [
      "expo-location",
      {
        "locationWhenInUsePermissionDescription": "Atlitos uses your location to show courts near you and sort them by distance."
      }
    ],
    [
      "expo-image-picker",
      {
        "photosPermission": "Atlitos uses your photo library to upload clutch clips and profile photos.",
        "cameraPermission": "Atlitos uses your camera to capture clutch clips and profile photos.",
        "microphonePermission": "Atlitos needs microphone access so uploaded video clips keep their sound."
      }
    ],
    "expo-font",
    "expo-status-bar",
    "expo-video",
    "@sentry/react-native/expo",
    [
      "expo-notifications",
      {
        "icon": "./assets/images/icon.png",
        "color": "#FBF7F1"
      }
    ]
  ],
  "experiments": {
    "typedRoutes": true
  },
  "extra": {
    "router": {},
    "eas": {
      "projectId": "5976cc18-8fc3-4a97-9a3d-c767ad542d69"
    }
  },
  "owner": "synthorgtech",
  "sdkVersion": "57.0.0",
  "platforms": [
    "ios",
    "android",
    "web"
  ]
}


🍏 [1mBuild profile "preview"[22m

{
  "credentialsSource": "remote",
  "distribution": "internal",
  "environment": "preview"
}
